[2026-01-08T07:19:02.360Z] FATAL ERROR: Cannot read properties of undefined (reading 'db')

[2026-01-08T07:20:29.586Z] FATAL ERROR: Cannot read properties of undefined (reading 'db')

[2026-01-08T07:21:26.706Z] --- INGEST START (DB: test) ---
[2026-01-08T07:21:26.711Z] Payload: {"name":"saurabh singh","phone":"+0123123123","email":"rf01@gmail.com","serviceInterest":"","message":""}
[2026-01-08T07:21:26.713Z] Metadata: {"source":"form","sourceDetails":"Form: contact-us","formId":"695e967dcf9a4d5536aaaa8a","ipAddress":"::1","sourcePage":"http://localhost:3000/test-form.html","extra":{"formName":"contact-us","formToken":"lfg_form_1ee1b9435c14983906e5449c8da0626660cd7836fa924dac9fa56327d78c8653"}}
[2026-01-08T07:21:26.856Z] NEW LEAD: No existing lead found. Resolving assignment...
[2026-01-08T07:21:27.067Z] Assignment resolved to: 695e9532cf9a4d5536aaaa12
[2026-01-08T07:21:27.169Z] SUCCESS: Created new lead 695f5af74a486022dc6349ee
[2026-01-08T07:21:27.238Z] VERIFIED: Lead 695f5af74a486022dc6349ee exists in database
[2026-01-08T07:21:27.491Z] --- INGEST COMPLETE (SUCCESS) ---

[2026-01-08T07:23:23.117Z] --- INGEST START (DB: test) ---
[2026-01-08T07:23:23.118Z] Payload: {"name":"saurabh singh","phone":"9876556789","email":"vrbrftgn@gmail.com","message":"hbinb"}
[2026-01-08T07:23:23.119Z] Metadata: {"source":"form","sourceDetails":"Form: contact-us","formId":"695e967dcf9a4d5536aaaa8a","ipAddress":"::1","sourcePage":"","extra":{"formName":"contact-us","formToken":"lfg_form_1ee1b9435c14983906e5449c8da0626660cd7836fa924dac9fa56327d78c8653"}}
[2026-01-08T07:23:23.234Z] NEW LEAD: No existing lead found. Resolving assignment...
[2026-01-08T07:23:23.363Z] Assignment resolved to: 695e9723cf9a4d5536aaaab8
[2026-01-08T07:23:23.471Z] SUCCESS: Created new lead 695f5b6b4a486022dc634a0a
[2026-01-08T07:23:23.544Z] VERIFIED: Lead 695f5b6b4a486022dc634a0a exists in database
[2026-01-08T07:23:23.753Z] --- INGEST COMPLETE (SUCCESS) ---

[2026-01-08T08:04:55.772Z] --- INGEST START (DB: test) ---
[2026-01-08T08:04:55.775Z] Payload: {"name":"saurabh singh","phone":"9210873052","email":"ankitasingh6112002@gmail.com","message":"dc"}
[2026-01-08T08:04:55.777Z] Metadata: {"source":"form","sourceDetails":"Form: enquiry","formId":"695f62154a486022dc634a63","ipAddress":"::1","sourcePage":"","extra":{"formName":"enquiry","formToken":"lfg_form_8ded6affe30ebd58793b03ec97b63dacd0d554accc6b8dbf6a61c781e682193e"}}
[2026-01-08T08:04:55.967Z] NEW LEAD: No existing lead found. Resolving assignment...
[2026-01-08T08:04:56.171Z] Assignment resolved to: 695e98a8cf9a4d5536aaab6b
[2026-01-08T08:04:56.332Z] SUCCESS: Created new lead 695f65284a486022dc634a6b
[2026-01-08T08:04:56.394Z] VERIFIED: Lead 695f65284a486022dc634a6b exists in database
[2026-01-08T08:04:56.665Z] --- INGEST COMPLETE (SUCCESS) ---

[2026-01-08T08:06:13.114Z] --- INGEST START (DB: test) ---
[2026-01-08T08:06:13.115Z] Payload: {"name":"saurabh singh","phone":"1231231231","email":"E23CSEU0248@bennett.edu.in","message":"d"}
[2026-01-08T08:06:13.116Z] Metadata: {"source":"form","sourceDetails":"Form: enquiry","formId":"695f62154a486022dc634a63","ipAddress":"::1","sourcePage":"","extra":{"formName":"enquiry","formToken":"lfg_form_8ded6affe30ebd58793b03ec97b63dacd0d554accc6b8dbf6a61c781e682193e"}}
[2026-01-08T08:06:13.279Z] NEW LEAD: No existing lead found. Resolving assignment...
[2026-01-08T08:06:13.406Z] Assignment resolved to: 695e9532cf9a4d5536aaaa12
[2026-01-08T08:06:13.470Z] SUCCESS: Created new lead 695f65754a486022dc634ac2
[2026-01-08T08:06:13.525Z] VERIFIED: Lead 695f65754a486022dc634ac2 exists in database
[2026-01-08T08:06:13.716Z] --- INGEST COMPLETE (SUCCESS) ---

[2026-01-08T08:50:56.044Z] --- INGEST START (DB: test) ---
[2026-01-08T08:50:56.045Z] Payload: {"name":"himanshu singh","phone":"8076772797","email":"himanshu.2212.singh@gmail.com","message":"c"}
[2026-01-08T08:50:56.045Z] Metadata: {"source":"form","sourceDetails":"Form: enquiry","formId":"695f62154a486022dc634a63","ipAddress":"::1","sourcePage":"","extra":{"formName":"enquiry","formToken":"lfg_form_8ded6affe30ebd58793b03ec97b63dacd0d554accc6b8dbf6a61c781e682193e"}}
[2026-01-08T08:50:56.188Z] NEW LEAD: No existing lead found. Resolving assignment...
[2026-01-08T08:50:56.334Z] Assignment resolved to: 695e9723cf9a4d5536aaaab8
[2026-01-08T08:50:56.428Z] SUCCESS: Created new lead 695f6ff04a486022dc634b1f
[2026-01-08T08:50:56.501Z] VERIFIED: Lead 695f6ff04a486022dc634b1f exists in database
[2026-01-08T08:50:56.707Z] --- INGEST COMPLETE (SUCCESS) ---

[2026-01-08T10:00:33.071Z] --- INGEST START (DB: test) ---
[2026-01-08T10:00:33.073Z] Payload: {"name":"secret","phone":"08810873052","email":"saurabhiitr01@gmail.com","message":"cf"}
[2026-01-08T10:00:33.074Z] Metadata: {"source":"form","sourceDetails":"Form: fc","formId":"695f7de54a486022dc634c9e","ipAddress":"::1","sourcePage":"","extra":{"formName":"fc","formToken":"lfg_form_e4fa62c451fc2b6ab12dd031c4d2215ccdb206746f5fbd2d088cf0ab0c1bcbf4"}}
[2026-01-08T10:00:33.194Z] NEW LEAD: No existing lead found. Resolving assignment...
[2026-01-08T10:00:33.320Z] Assignment resolved to: 695e98a8cf9a4d5536aaab6b
[2026-01-08T10:00:33.383Z] SUCCESS: Created new lead 695f80414a486022dc634cc8
[2026-01-08T10:00:33.439Z] VERIFIED: Lead 695f80414a486022dc634cc8 exists in database
[2026-01-08T10:00:33.627Z] --- INGEST COMPLETE (SUCCESS) ---

